// Jest Snapshot v1, https://goo.gl/fbAQLP

exports[`PetInfoCard match Snapshot 1`] = `
"<div class=\\"pet-info-card\\">
  <div class=\\"pet-info info-title\\">
    <div class=\\"pet-info__name\\">
      “うめじまのうめ子”
    </div>
    <div>
      common.tell_some_pet_info
    </div>
  </div>
  <div class=\\"pet-info info-row\\">
    <div class=\\"info-label\\">
      common.gender.gender_title
    </div>
    <div class=\\"info-description\\">
      common.gender.girl
    </div>
  </div>
  <div class=\\"pet-info info-row\\">
    <div class=\\"info-label\\">
      common.contraception_status.title
    </div>
    <div class=\\"info-description\\">
      なし
    </div>
  </div>
  <div class=\\"pet-info info-row\\">
    <div class=\\"info-label\\">
      common.dob.title
    </div>
    <div class=\\"info-description\\">
      2018.01.01
    </div>
  </div>
</div>"
`;
