// Jest Snapshot v1, https://goo.gl/fbAQLP

exports[`CardPaymentInstrucModal match Snapshot 1`] = `
"<div class=\\"card-payment-instruc-modal\\">
  <div class=\\"modal__overlay\\">
    <div class=\\"modal__container card_payment\\">
      <div class=\\"modal__close-button\\">
        <div class=\\"icon-delete\\"></div>
      </div>
      <div class=\\"modal__body\\">
        <div class=\\"modal__title\\">
          VISA・Master・JCB・Dinerscard.such_as
        </div>
        <div class=\\"modal__card-instruc\\">
          <div class=\\"image-name\\">
            card.back_face
          </div>
          <div class=\\"image--atm\\"><img src=\\"~/assets/images/credit.png\\"></div>
          <div class=\\"image__description\\">
            card.security_code_instruc_3
          </div>
        </div>
        <div class=\\"modal__title\\">
          card.american_express
        </div>
        <div class=\\"modal__card-instruc\\">
          <div class=\\"image-name\\">
            card.front_face
          </div>
          <div class=\\"image--credit\\"><img src=\\"~/assets/images/AE.png\\"></div>
          <div class=\\"image__description\\">
            card.security_code_instruc_4
          </div>
        </div>
      </div>
    </div>
  </div>
</div>"
`;
